Checking for C compiler...
./configure: warning: compiler /usr/bin/clang is declared with its own path. If it's not accessible via PATH, you will need to pass AR, RANLIB and STRIP make variables to the make invocation.
  ... /usr/bin/clang
Checking whether C compiler works... 
  ... yes
Checking target system type...
  ... arm64-apple-darwin24
Shared libraries will be named ...
  ... *.dylib
Checking whether compiler accepts -fPIC ...
  ... yes
Checking whether compiler accepts -std=c99 ...
  ... yes
Checking whether compiler accepts -fomit-frame-pointer ...
  ... yes
Checking whether compiler accepts -fno-exceptions ...
  ... yes
Checking whether compiler accepts -fno-unwind-tables ...
  ... yes
Checking whether compiler accepts -fno-asynchronous-unwind-tables ...
  ... yes
Checking whether compiler accepts -Werror=implicit-function-declaration ...
  ... yes
Checking whether compiler accepts -Werror=implicit-int ...
  ... yes
Checking whether compiler accepts -Werror=pointer-sign ...
  ... yes
Checking whether compiler accepts -Werror=pointer-arith ...
  ... yes
Checking whether compiler accepts -Werror=incompatible-pointer-types ...
  ... yes
Checking whether compiler accepts -Werror=unguarded-availability ...
  ... yes
Checking whether compiler accepts -Wno-unused-value ...
  ... yes
Checking whether compiler accepts -Wno-parentheses ...
  ... yes
Checking whether compiler accepts -ffunction-sections ...
  ... yes
Checking whether compiler accepts -fdata-sections ...
  ... yes
Checking whether linker accepts -Wl,--as-needed ...
  ... no
Checking whether linker accepts -Wl,--sort-section=alignment ...
  ... no
Checking whether linker accepts -Wl,--sort-common ...
  ... no
Checking whether linker accepts -Wl,--hash-style=both ...
  ... no
Checking required linker flags for socket functions...
  ... none
Checking whether system has clock_gettime()...
  ... yes
Checking whether system has CLOCK_MONOTONIC...
  ... yes
Checking whether system has CLOCK_BOOTTIME...
  ... no
Checking whether system has posix_spawn()...
  ... yes
Checking whether system has timer_create()...
  ... no
Checking whether system has pthread support...
  ... yes
Checking endianness...
  ... little
Checking size and signedness of standard types...
  ... done
Checking whether system has accept4()...
  ... no
Checking whether system has MSG_CMSG_CLOEXEC...
  ... no
Checking whether system has dirfd()...
  ... yes
Checking whether system has fdopendir()...
  ... yes
Checking whether system has eventfd()...
  ... no
Checking whether system has flock()...
  ... yes
Checking whether system has getpeereid()...
  ... yes
Checking whether system has SO_PEERCRED...
  ... no
Checking whether system has getpeerucred()...
  ... no
Checking whether system has IPv6 support...
  ... yes
Checking whether system has MSG_DONTWAIT...
  ... yes
Checking whether system has O_CLOEXEC...
  ... yes
Checking whether system has O_DIRECTORY...
  ... yes
Checking whether system has openat()...
  ... yes
Checking whether system has linkat()...
  ... yes
Checking whether system has memmem()...
  ... yes
Checking whether system has pipe2()...
  ... no
Checking whether system has ppoll()...
  ... no
Checking whether system has POSIX qsort_r()...
  ... no
Checking whether system has old FreeBSD qsort_r()...
  ... no
Checking whether system has revoke()...
  ... yes
Checking whether system has sendfile()...
  ... no
Checking whether system has setgroups()...
  ... yes
Checking whether system has settimeofday()...
  ... yes
Checking whether system has signalfd()...
  ... no
Checking whether system has splice()...
  ... no
Checking whether system has st.st_atim...
  ... no
Checking whether system has st.st_atimespec...
  ... yes
Checking whether system has strcasestr()...
  ... yes
Checking whether system has strnlen()...
  ... yes
Checking whether system has uint64_t...
  ... yes
Checking whether system has waitid()...
  ... yes
Checking whether system has futimens()...
  ... yes
Checking whether system has futimes()...
  ... yes
Checking whether system has arc4random()...
  ... yes
Checking whether system has arc4random_addrandom()...
  ... yes
Checking whether system has setitimer()...
  ... yes
Checking whether system has namespaces...
  ... no
Checking whether system has NS_GET_PARENT...
  ... no
Checking whether system has explicit_bzero()...
  ... no
Checking whether system has getrandom()...
  ... no
Checking whether system has GRND_INSECURE...
  ... no
Checking whether system has chroot()...
  ... yes
Checking whether system has clone3() with CLONE_NEWPID...
  ... no
Checking whether system has POSIX_SPAWN_SETSID...
  ... yes
Checking whether system has POSIX_SPAWN_SETSID_NP...
  ... no
Checking whether system has posix_spawn_file_actions_addchdir()...
  ... no
Checking whether system has posix_spawn_file_actions_addchdir_np()...
  ... yes
Checking whether system has getauxval()...
  ... no
Checking whether system has the KERN_PROC_PATHNAME sysctl...
  ... no
Checking whether system has _NSGetExecutablePath()...
  ... yes
Checking whether system has getexecname()...
  ... no
Checking whether system has dladdr()...
  ... yes
Checking whether system has pidfd_open()...
  ... no
Checking whether system has prctl()...
  ... no
Checking whether system has procctl()...
  ... no
Checking whether system has kevent()...
  ... yes
Checking whether system has kqueue1()...
  ... no
Checking whether system has pthread_mutex_timedlock()...
  ... no
Checking whether system has pthread_mutex_clocklock()...
  ... no
Checking whether system has /dev/urandom...
  ... yes
Checking whether system has posix_spawn() return early...
  ... no
Finding a suitable value for /proc/self/exe...
  ... none
Checking whether system has a select() that supports very long timeouts...
  ... no
Creating config.mak...
  ... done.
Creating src/include/skalibs/config.h...
  ... done.
